// Jest Snapshot v1, https://goo.gl/fbAQLP

exports[`renders homepage unchanged 1`] = `
<div
  className="container"
>
  <main>
    <h1
      className="title"
    >
      Welcome to 
      <a
        href="https://nextjs.org"
      >
        FrannyCat!
      </a>
    </h1>
    <p
      className="description"
    >
      Get started by editing 
      <code>
        pages/index.js
      </code>
    </p>
  </main>
</div>
`;
